2026.01.04 12:17:24 INFO  Started: Metals version 1.6.4 in folders '/home/vladimir/Рабочий стол/TFL' for client Visual Studio Code 1.107.1.
2026.01.04 12:17:24 WARN  Using H2 2.4.240 which is newer than the version Flyway has been verified with. The latest verified version of H2 is 2.3.232.
2026.01.04 12:17:24 INFO  no build target found for /home/vladimir/Рабочий стол/TFL/lab2/build.sbt. Using presentation compiler with project's scala-library version: 3.3.6
2026.01.04 12:17:27 INFO  no build target found for /home/vladimir/Рабочий стол/TFL/lab2/build.sbt. Using presentation compiler with project's scala-library version: 3.3.6
2026.01.04 12:17:29 INFO  no build target found for /home/vladimir/Рабочий стол/TFL/lab2/build.sbt. Using presentation compiler with project's scala-library version: 3.3.6
2026.01.05 16:38:44 INFO  Started: Metals version 1.6.4 in folders '/home/vladimir/Рабочий стол/TFL' for client Visual Studio Code 1.107.1.
2026.01.05 16:38:44 WARN  Using H2 2.4.240 which is newer than the version Flyway has been verified with. The latest verified version of H2 is 2.3.232.
2026.01.05 16:38:44 INFO  no build target found for /home/vladimir/Рабочий стол/TFL/lab2/build.sbt. Using presentation compiler with project's scala-library version: 3.3.6
2026.01.05 16:38:46 INFO  no build target found for /home/vladimir/Рабочий стол/TFL/lab2/build.sbt. Using presentation compiler with project's scala-library version: 3.3.6
2026.01.05 16:38:48 INFO  no build target found for /home/vladimir/Рабочий стол/TFL/lab2/build.sbt. Using presentation compiler with project's scala-library version: 3.3.6
2026.01.05 16:38:48 WARN  no build target for: /home/vladimir/Рабочий стол/TFL/lab2/build.sbt
2026.01.05 16:38:48 INFO  no build target found for /home/vladimir/Рабочий стол/TFL/lab2/build.sbt. Using presentation compiler with project's scala-library version: 3.3.6
2026.01.05 16:38:48 INFO  no build target found for /home/vladimir/Рабочий стол/TFL/lab2/build.sbt. Using presentation compiler with project's scala-library version: 3.3.6
2026.01.05 16:39:28 INFO  no build target found for /home/vladimir/Рабочий стол/TFL/lab2/build.sbt. Using presentation compiler with project's scala-library version: 3.3.6
янв. 05, 2026 4:39:45 PM org.eclipse.lsp4j.jsonrpc.services.GenericEndpoint notify
INFO: Unsupported notification method: $/setTrace
янв. 05, 2026 4:39:45 PM org.eclipse.lsp4j.jsonrpc.services.GenericEndpoint notify
INFO: Unsupported notification method: $/setTrace
2026.01.05 16:41:22 INFO  no build target found for /home/vladimir/Рабочий стол/TFL/lab2/build.sbt. Using presentation compiler with project's scala-library version: 3.3.6
2026.01.05 16:52:25 WARN  no build target for: /home/vladimir/Рабочий стол/TFL/lab2/build.sbt
2026.01.05 16:52:25 INFO  no build target found for /home/vladimir/Рабочий стол/TFL/lab2/build.sbt. Using presentation compiler with project's scala-library version: 3.3.6
2026.01.05 16:52:25 INFO  no build target found for /home/vladimir/Рабочий стол/TFL/lab2/build.sbt. Using presentation compiler with project's scala-library version: 3.3.6
2026.01.05 16:54:04 INFO  no build target found for /home/vladimir/Рабочий стол/TFL/lab2/build.sbt. Using presentation compiler with project's scala-library version: 3.3.6
